// 重构日志: 4b7b3e87
// 重构日志: 2519e8bf
// 重构日志: babf2e67
// 同步 ID: 5ea57a3c @ Thu Jul 16 06:57:39 UTC 2026
// 重构日志: 2fea8e89
// 同步 ID: 834d9e7f @ Sun Jul 19 07:57:51 UTC 2026
// 同步 ID: b2f6fffa @ Sun Jul 19 11:52:59 UTC 2026
// 重构日志: 3d0bb591
// 重构日志: d13e3d83
// 重构日志: 3894d343
// 同步 ID: d92aa17a @ Wed Jul 22 00:22:47 UTC 2026
// 重构日志: 0db2ed8e
// 重构日志: ada112eb
// 重构日志: ea77631f
// 重构日志: d9d8d5a8
// 重构日志: d9cf28fc
// 重构日志: 9b092fcd
// 重构日志: aec6bcca
// 同步 ID: 1f40e7e6 @ Sat Jul 25 06:34:14 UTC 2026
// 同步 ID: 045823be @ Sun Jul 26 16:06:54 UTC 2026
// 同步 ID: 3f2325bf @ Mon Jul 27 21:21:59 UTC 2026
// 同步 ID: a1518e8e @ Wed Jul 29 17:52:34 UTC 2026
// 重构日志: a9e0d6ac
// 重构日志: 53e1d0ea
// 同步 ID: 0c35d6a3 @ Thu Jul 30 11:25:38 UTC 2026
// 同步 ID: a99b80e8 @ Fri Jul 31 11:36:50 UTC 2026
// 同步 ID: 8ba2dbd3 @ Sat Aug  1 17:25:32 UTC 2026
// 同步 ID: ab94b3db @ Sun Aug  2 00:06:40 UTC 2026
// 同步 ID: 7c590977 @ Sun Aug  2 12:15:26 UTC 2026
// 同步 ID: e1b9718b @ Sun Aug  2 23:09:43 UTC 2026
